// Jest Snapshot v1, https://goo.gl/fbAQLP

exports[`<Button> should render the default markup and classes [snapshot] 1`] = `
<button
  className="Button-root_1Z5Y8 Button-primary_1gH9y"
>
  test
</button>
`;
