// Jest Snapshot v1, https://goo.gl/fbAQLP

exports[`<Button> should render the default markup and classes [snapshot] 1`] = `
<button>
  test
</button>
`;
